c:\st\stm32cubeide_1.12.0\stm32cubeide\plugins\com.st.stm32cube.ide.mcu.externaltools.gnu-tools-for-stm32.10.3-2021.10.win32_1.0.200.202301161003\tools\bin\../lib/gcc/arm-none-eabi/10.3.1/../../../../arm-none-eabi/include/c++/10.3.1/arm-none-eabi/thumb/v7-m/nofp/bits/gthr-default.h:229:1:int __gthread_key_delete(__gthread_key_t)	16	static
../Core/Src/main.cpp:150:6:void progressBar(int, int, int, int)	40	static
../Core/Src/main.cpp:163:6:void Paramertes_Init()	4	static
../Core/Src/main.cpp:188:6:void DisplayManagement()	24	static
../Core/Src/main.cpp:243:6:void StateMachine()	8	static
../Core/Src/main.cpp:261:6:void RUN()	8	static
../Core/Src/main.cpp:290:6:void ALARM()	8	static
../Core/Src/main.cpp:312:6:void WAIT()	8	static
../Core/Src/main.cpp:342:6:void detect()	8	static
../Core/Src/main.cpp:355:6:void reinitVariables()	8	static
../Core/Src/main.cpp:367:6:void checkActivateScreen()	8	static
../Core/Src/main.cpp:381:17:uint32_t currentTime()	4	static
../Core/Src/main.cpp:385:6:void logoAnimation()	8	static
../Core/Src/main.cpp:406:6:void drawHomePage(uint8_t, int)	16	static
../Core/Src/main.cpp:465:6:void drawSettingsPage(uint8_t)	40	static
../Core/Src/main.cpp:520:6:void drawParameterPage()	32	static
../Core/Src/main.cpp:581:6:void Encoder_Init()	16	static
../Core/Src/main.cpp:601:5:int main()	8	static
../Core/Src/main.cpp:810:6:void SystemClock_Config()	72	static
../Core/Src/main.cpp:847:6:void HAL_GPIO_EXTI_Callback(uint16_t)	16	static
../Core/Src/main.cpp:907:6:void HAL_TIM_PeriodElapsedCallback(TIM_HandleTypeDef*)	16	static
../Core/Src/main.cpp:934:6:void Error_Handler()	4	static,ignoring_inline_asm
../Core/Src/main.cpp:943:1:void __static_initialization_and_destruction_0(int, int)	16	static
../Core/Src/main.cpp:943:1:cpp)	8	static
../Core/Src/main.cpp:943:1:cpp)	8	static
