../ST7920_SERIAL/ST7920_SERIAL.c:39:6:SendByteSPI	24	static
../ST7920_SERIAL/ST7920_SERIAL.c:60:6:ST7920_SendCmd	16	static
../ST7920_SERIAL/ST7920_SERIAL.c:74:6:ST7920_SendData	16	static
../ST7920_SERIAL/ST7920_SERIAL.c:86:6:ST7920_SendString	24	static
../ST7920_SERIAL/ST7920_SERIAL.c:119:6:ST7920_GraphicMode	16	static
../ST7920_SERIAL/ST7920_SERIAL.c:140:6:ST7920_DrawBitmap	24	static
../ST7920_SERIAL/ST7920_SERIAL.c:171:6:ST7920_Update	8	static
../ST7920_SERIAL/ST7920_SERIAL.c:176:6:ST7920_ClearBuffer	8	static
../ST7920_SERIAL/ST7920_SERIAL.c:182:6:ST7920_Clear	16	static
../ST7920_SERIAL/ST7920_SERIAL.c:215:6:ST7920_Init	8	static
../ST7920_SERIAL/ST7920_SERIAL.c:252:6:SetPixel	24	static
../ST7920_SERIAL/ST7920_SERIAL.c:276:6:DrawLine	48	static
../ST7920_SERIAL/ST7920_SERIAL.c:310:6:DrawRectangle	24	static
../ST7920_SERIAL/ST7920_SERIAL.c:344:6:DrawFilledRectangle	32	static
../ST7920_SERIAL/ST7920_SERIAL.c:379:6:DrawCircle	40	static
../ST7920_SERIAL/ST7920_SERIAL.c:418:6:DrawFilledCircle	40	static
../ST7920_SERIAL/ST7920_SERIAL.c:453:6:DrawTriangle	24	static
../ST7920_SERIAL/ST7920_SERIAL.c:464:6:DrawFilledTriangle	56	static
../ST7920_SERIAL/ST7920_SERIAL.c:524:6:ST7920_setCursor	16	static
../ST7920_SERIAL/ST7920_SERIAL.c:547:6:ST7920_scroll	112	dynamic
